
> meridian-advisory-frontend@0.1.0 dev
> vite

Re-optimizing dependencies because vite config has changed

  [32m[1mVITE[22m v5.4.21[39m  [2mready in [0m[1m841[22m[2m[0m ms[22m

  [32m➜[39m  [1mLocal[22m:   [36mhttp://localhost:[1m5173[22m/[39m
[2m  [32m➜[39m  [1mNetwork[22m[2m: use [22m[1m--host[22m[2m to expose[22m
[2m10:14:08 PM[22m [36m[1m[vite][22m[39m [32mvite.config.js changed, restarting server...[39m
[2m10:14:08 PM[22m [36m[1m[vite][22m[39m server restarted.
[2m10:23:24 PM[22m [36m[1m[vite][22m[39m [32mvite.config.js changed, restarting server...[39m
[2m10:23:24 PM[22m [36m[1m[vite][22m[39m server restarted.
[2m10:23:27 PM[22m [31m[1m[vite][22m[39m [31mhttp proxy error: /api/portfolio[39m
AggregateError [ECONNREFUSED]: 
    at internalConnectMultiple (node:net:1122:18)
    at afterConnectMultiple (node:net:1689:7)
[2m10:25:08 PM[22m [36m[1m[vite][22m[39m [32mpage reload [39m[2msrc/stages/Profile.jsx[22m
[2m10:37:48 PM[22m [36m[1m[vite][22m[39m [32mpage reload [39m[2msrc/stages/Assessment.jsx[22m
[2m10:37:54 PM[22m [36m[1m[vite][22m[39m [32mpage reload [39m[2msrc/stages/Assessment.jsx[22m
[2m10:39:51 PM[22m [36m[1m[vite][22m[39m [32mvite.config.js changed, restarting server...[39m
[2m10:39:51 PM[22m [36m[1m[vite][22m[39m server restarted.

> meridian-advisory-frontend@0.1.0 dev
> vite


  [32m[1mVITE[22m v5.4.21[39m  [2mready in [0m[1m955[22m[2m[0m ms[22m

  [32m➜[39m  [1mLocal[22m:   [36mhttp://localhost:[1m5173[22m/[39m
[2m  [32m➜[39m  [1mNetwork[22m[2m: use [22m[1m--host[22m[2m to expose[22m
[2m10:52:37 PM[22m [36m[1m[vite][22m[39m [32mvite.config.js changed, restarting server...[39m
[2m10:52:38 PM[22m [36m[1m[vite][22m[39m server restarted.
[2m10:52:42 PM[22m [31m[1m[vite][22m[39m [31mhttp proxy error: /api/clients/83af4c50/analysis[39m
AggregateError [ECONNREFUSED]: 
    at internalConnectMultiple (node:net:1122:18)
    at afterConnectMultiple (node:net:1689:7)
[2m10:52:42 PM[22m [31m[1m[vite][22m[39m [31mhttp proxy error: /api/clients/83af4c50[39m
AggregateError [ECONNREFUSED]: 
    at internalConnectMultiple (node:net:1122:18)
    at afterConnectMultiple (node:net:1689:7)
[2m10:58:22 PM[22m [36m[1m[vite][22m[39m [32mpage reload [39m[2msrc/stages/Profile.jsx[22m
[2m10:58:26 PM[22m [36m[1m[vite][22m[39m [32mpage reload [39m[2msrc/stages/Profile.jsx[22m
[2m10:58:35 PM[22m [36m[1m[vite][22m[39m [32mpage reload [39m[2msrc/stages/Profile.jsx[22m
[2m10:59:31 PM[22m [36m[1m[vite][22m[39m [32mpage reload [39m[2msrc/stages/Scoring.jsx[22m
[2m10:59:43 PM[22m [36m[1m[vite][22m[39m [32mpage reload [39m[2msrc/stages/Scoring.jsx[22m
[2m10:59:47 PM[22m [36m[1m[vite][22m[39m [32mpage reload [39m[2msrc/stages/Scoring.jsx[22m
[2m10:59:50 PM[22m [36m[1m[vite][22m[39m [32mpage reload [39m[2msrc/stages/Scoring.jsx[22m
[2m11:00:01 PM[22m [36m[1m[vite][22m[39m [32mpage reload [39m[2msrc/stages/Dashboard.jsx[22m
[2m11:00:09 PM[22m [36m[1m[vite][22m[39m [32mpage reload [39m[2msrc/stages/Dashboard.jsx[22m
[2m11:00:14 PM[22m [36m[1m[vite][22m[39m [32mpage reload [39m[2msrc/stages/Dashboard.jsx[22m
